2026-09-16 00:02:42,525 INFO Catalog returned 100 products; requested 100
2026-09-16 00:02:42,525 INFO [1/100] Fetching reliancesmart_test1
2026-09-16 00:02:45,029 INFO [2/100] Fetching amazon
2026-09-16 00:02:47,380 INFO [3/100] Fetching pvr
2026-09-16 00:02:49,788 INFO [4/100] Fetching cleartrip
2026-09-16 00:07:09,953 INFO Catalog returned 100 products; requested 100
2026-09-16 00:07:09,955 INFO [1/100] Fetching reliancesmart_test1
2026-09-16 00:07:12,300 INFO [2/100] Fetching amazon
2026-09-16 00:07:14,752 INFO [3/100] Fetching pvr
2026-09-16 00:07:17,214 INFO [4/100] Fetching cleartrip
2026-09-16 00:07:19,665 INFO [5/100] Fetching ikea
2026-09-16 00:07:22,027 INFO [6/100] Fetching times-prime
2026-09-16 00:07:24,429 INFO [7/100] Fetching max-fashion-offline
2026-09-16 00:07:26,736 INFO [8/100] Fetching tira
2026-09-16 00:07:28,984 INFO [9/100] Fetching xfused
2026-09-16 00:07:31,346 INFO [10/100] Fetching zepto
2026-09-16 00:07:33,806 INFO [11/100] Fetching district_pass
2026-09-16 00:07:37,080 INFO [12/100] Fetching xbox_premium
2026-09-16 00:07:39,537 INFO [13/100] Fetching decathlon
2026-09-16 00:07:41,997 INFO [14/100] Fetching zomato
2026-09-16 00:07:44,294 INFO [15/100] Fetching reliance-digital
2026-09-16 00:07:46,603 INFO [16/100] Fetching miraggio
2026-09-16 00:07:48,961 INFO [17/100] Fetching razer_gold
2026-09-16 00:07:51,214 INFO [18/100] Fetching jiostarterpack
2026-09-16 00:07:53,567 INFO [19/100] Fetching naturals
2026-09-16 00:07:56,023 INFO [20/100] Fetching hopscotch
2026-09-16 00:07:58,430 INFO [21/100] Fetching redbus
2026-09-16 00:08:00,735 INFO [22/100] Fetching powersutra
2026-09-16 00:08:03,137 INFO [23/100] Fetching croma
2026-09-16 00:08:05,549 INFO [24/100] Fetching mpj_jwellers
2026-09-16 00:08:07,905 INFO [25/100] Fetching muscleblaze
2026-09-16 00:08:10,258 INFO [26/100] Fetching caratlane
2026-09-16 00:08:12,614 INFO [27/100] Fetching pepperfry_luxury
2026-09-16 00:08:14,969 INFO [28/100] Fetching luzo
2026-09-16 00:08:17,369 INFO [29/100] Fetching goibibo_generic
2026-09-16 00:08:19,678 INFO [30/100] Fetching bgmi_unipin
2026-09-16 00:08:21,981 INFO [31/100] Fetching xbox_game_core
2026-09-16 00:08:24,345 INFO [32/100] Fetching chicoo
2026-09-16 00:08:26,745 INFO [33/100] Fetching xbox_ultimate
2026-09-16 00:08:29,202 INFO [34/100] Fetching moba-legend
2026-09-16 00:08:31,660 INFO [35/100] Fetching mmtbus
2026-09-16 00:08:34,018 INFO [36/100] Fetching cgh_earth
2026-09-16 00:08:36,414 INFO [37/100] Fetching snitch
2026-09-16 00:08:38,829 INFO [38/100] Fetching lifestyle-offline
2026-09-16 00:08:41,285 INFO [39/100] Fetching district_1
2026-09-16 00:08:43,591 INFO [40/100] Fetching district
2026-09-16 00:08:45,997 INFO [41/100] Fetching tanishq
2026-09-16 00:08:48,402 INFO [42/100] Fetching zomato-fixed
2026-09-16 00:08:50,811 INFO [43/100] Fetching nykaa-fashion
2026-09-16 00:08:53,270 INFO [44/100] Fetching joyalukkas
2026-09-16 00:08:55,622 INFO [45/100] Fetching timesprime_power
2026-09-16 00:08:57,981 INFO [46/100] Fetching joyalukkas-diamond
2026-09-16 00:09:00,402 INFO [47/100] Fetching fab-hotels
2026-09-16 00:09:02,839 INFO [48/100] Fetching brand1
2026-09-16 00:09:05,250 INFO [49/100] Fetching reliance-jewels
2026-09-16 00:09:07,604 INFO [50/100] Fetching tanishq-gold-coin
2026-09-16 00:09:09,960 INFO [51/100] Fetching bear_house
2026-09-16 00:09:12,418 INFO [52/100] Fetching tanishq-studded
2026-09-16 00:09:14,877 INFO [53/100] Fetching boat
2026-09-16 00:09:17,229 INFO [54/100] Fetching goibibo
2026-09-16 00:09:19,584 INFO [55/100] Fetching shellfuel
2026-09-16 00:09:22,043 INFO [56/100] Fetching dominos
2026-09-16 00:09:26,141 INFO [57/100] Fetching dominosfixed
2026-09-16 00:09:28,564 INFO [58/100] Fetching indriya_studded
2026-09-16 00:09:30,954 INFO [59/100] Fetching giva_men
2026-09-16 00:09:33,409 INFO [60/100] Fetching giva_promo
2026-09-16 00:09:38,278 INFO [61/100] Fetching giva
2026-09-16 00:09:40,681 INFO [62/100] Fetching indriya
2026-09-16 00:09:43,036 INFO [63/100] Fetching indriya_gold
2026-09-16 00:09:45,392 INFO [64/100] Fetching myntra
2026-09-16 00:09:47,790 INFO [65/100] Fetching jockey
2026-09-16 00:09:50,103 INFO [66/100] Fetching nykaa
2026-09-16 00:09:52,456 INFO [67/100] Fetching pepperfry
2026-09-16 00:09:54,816 INFO [68/100] Fetching netmeds
2026-09-16 00:09:57,269 INFO [69/100] Fetching appleresller
2026-09-16 00:09:59,727 INFO [70/100] Fetching ajio
2026-09-16 00:10:02,084 INFO [71/100] Fetching westside
2026-09-16 00:10:04,427 INFO [72/100] Fetching kama-ayurveda
2026-09-16 00:10:06,895 INFO [73/100] Fetching foxtale
2026-09-16 00:10:09,354 INFO [74/100] Fetching o2-spa-salon
2026-09-16 00:10:11,708 INFO [75/100] Fetching dabba_co
2026-09-16 00:10:14,166 INFO [76/100] Fetching eatsure
2026-09-16 00:10:16,522 INFO [77/100] Fetching the_biryani_life
2026-09-16 00:10:18,981 INFO [78/100] Fetching honest_bowl
2026-09-16 00:10:21,333 INFO [79/100] Fetching thalaiva_biryani
2026-09-16 00:10:23,793 INFO [80/100] Fetching thinsane_pizza
2026-09-16 00:10:26,250 INFO [81/100] Fetching tata-cliq
2026-09-16 00:10:28,611 INFO [82/100] Fetching makhani_darbar
2026-09-16 00:10:30,959 INFO [83/100] Fetching pantaloons
2026-09-16 00:10:33,316 INFO [84/100] Fetching marks-and-spencer
2026-09-16 00:10:35,668 INFO [85/100] Fetching apollo
2026-09-16 00:10:38,062 INFO [86/100] Fetching kalyan-jewellers
2026-09-16 00:10:40,384 INFO [87/100] Fetching veridicus
2026-09-16 00:10:42,764 INFO [88/100] Fetching stay_vista
2026-09-16 00:10:45,137 INFO [89/100] Fetching lenskart
2026-09-16 00:10:47,549 INFO [90/100] Fetching american-eagle
2026-09-16 00:10:50,009 INFO [91/100] Fetching bath-and-body-works
2026-09-16 00:10:52,361 INFO [92/100] Fetching brooks-brothers
2026-09-16 00:10:54,718 INFO [93/100] Fetching samsonite
2026-09-16 00:10:57,178 INFO [94/100] Fetching paul-and-shark
2026-09-16 00:10:59,531 INFO [95/100] Fetching marriot-spa
2026-09-16 00:11:01,781 INFO [96/100] Fetching milton
2026-09-16 00:11:04,244 INFO [97/100] Fetching joyalukkaspuregold
2026-09-16 00:11:06,699 INFO [98/100] Fetching mothercare
2026-09-16 00:11:09,052 INFO [99/100] Fetching linen-club
2026-09-16 00:11:11,415 INFO [100/100] Fetching uber_giftvoucher
2026-09-16 00:11:13,810 INFO Validation: {"expected_count": 100, "actual_count": 100, "unique_brand_keys": 100, "duplicate_brand_keys": [], "ranks_missing_brand_key": [], "records_with_null_fields": {"brand_name": 0, "category": 3, "validity_text": 0, "about": 45, "how_to_redeem": 0, "terms_and_conditions": 0, "faqs": 58}, "passed": true}
2026-09-16 00:12:56,583 INFO Catalog returned 100 products; requested 100
2026-09-16 00:12:56,585 INFO [1/100] Fetching reliancesmart_test1
2026-09-16 00:12:59,037 INFO [2/100] Fetching amazon
2026-09-16 00:13:01,493 INFO [3/100] Fetching pvr
2026-09-16 00:13:03,939 INFO [4/100] Fetching cleartrip
2026-09-16 00:13:06,409 INFO [5/100] Fetching ikea
2026-09-16 00:13:08,867 INFO [6/100] Fetching times-prime
2026-09-16 00:13:11,733 INFO [7/100] Fetching max-fashion-offline
2026-09-16 00:13:14,192 INFO [8/100] Fetching tira
2026-09-16 00:13:16,545 INFO [9/100] Fetching xfused
2026-09-16 00:13:18,903 INFO [10/100] Fetching zepto
2026-09-16 00:13:21,360 INFO [11/100] Fetching district_pass
2026-09-16 00:13:23,818 INFO [12/100] Fetching xbox_premium
2026-09-16 00:13:26,269 INFO [13/100] Fetching decathlon
2026-09-16 00:13:32,214 INFO [14/100] Fetching zomato
2026-09-16 00:13:34,672 INFO [15/100] Fetching reliance-digital
2026-09-16 00:13:37,027 INFO [16/100] Fetching miraggio
2026-09-16 00:13:39,485 INFO [17/100] Fetching razer_gold
2026-09-16 00:13:41,939 INFO [18/100] Fetching jiostarterpack
2026-09-16 00:13:44,263 INFO [19/100] Fetching naturals
2026-09-16 00:13:46,653 INFO [20/100] Fetching hopscotch
2026-09-16 00:13:49,019 INFO [21/100] Fetching redbus
2026-09-16 00:13:51,467 INFO [22/100] Fetching powersutra
2026-09-16 00:13:53,923 INFO [23/100] Fetching croma
2026-09-16 00:13:56,382 INFO [24/100] Fetching mpj_jwellers
2026-09-16 00:13:58,840 INFO [25/100] Fetching muscleblaze
2026-09-16 00:14:01,296 INFO [26/100] Fetching caratlane
2026-09-16 00:14:03,652 INFO [27/100] Fetching pepperfry_luxury
2026-09-16 00:14:06,110 INFO [28/100] Fetching luzo
2026-09-16 00:14:08,466 INFO [29/100] Fetching goibibo_generic
2026-09-16 00:14:10,923 INFO [30/100] Fetching bgmi_unipin
2026-09-16 00:14:13,382 INFO [31/100] Fetching xbox_game_core
2026-09-16 00:14:15,833 INFO [32/100] Fetching chicoo
2026-09-16 00:14:18,296 INFO [33/100] Fetching xbox_ultimate
2026-09-16 00:14:20,665 INFO [34/100] Fetching moba-legend
2026-09-16 00:14:23,107 INFO [35/100] Fetching mmtbus
2026-09-16 00:14:25,566 INFO [36/100] Fetching cgh_earth
2026-09-16 00:14:27,921 INFO [37/100] Fetching snitch
2026-09-16 00:14:30,379 INFO [38/100] Fetching lifestyle-offline
2026-09-16 00:14:32,838 INFO [39/100] Fetching district_1
2026-09-16 00:14:35,285 INFO [40/100] Fetching district
2026-09-16 00:14:37,751 INFO [41/100] Fetching tanishq
2026-09-16 00:14:40,213 INFO [42/100] Fetching zomato-fixed
2026-09-16 00:14:42,673 INFO [43/100] Fetching nykaa-fashion
2026-09-16 00:14:45,126 INFO [44/100] Fetching joyalukkas
2026-09-16 00:14:47,585 INFO [45/100] Fetching timesprime_power
2026-09-16 00:14:50,041 INFO [46/100] Fetching joyalukkas-diamond
2026-09-16 00:14:52,454 INFO [47/100] Fetching fab-hotels
2026-09-16 00:14:54,956 INFO [48/100] Fetching brand1
2026-09-16 00:14:57,333 INFO [49/100] Fetching reliance-jewels
2026-09-16 00:14:59,770 INFO [50/100] Fetching tanishq-gold-coin
2026-09-16 00:15:02,064 INFO [51/100] Fetching bear_house
2026-09-16 00:15:04,429 INFO [52/100] Fetching tanishq-studded
2026-09-16 00:15:06,788 INFO [53/100] Fetching boat
2026-09-16 00:15:09,092 INFO [54/100] Fetching goibibo
2026-09-16 00:15:11,342 INFO [55/100] Fetching shellfuel
2026-09-16 00:15:13,799 INFO [56/100] Fetching dominos
2026-09-16 00:15:16,154 INFO [57/100] Fetching dominosfixed
2026-09-16 00:15:18,611 INFO [58/100] Fetching indriya_studded
2026-09-16 00:15:20,971 INFO [59/100] Fetching giva_men
2026-09-16 00:15:23,322 INFO [60/100] Fetching giva_promo
2026-09-16 00:15:25,781 INFO [61/100] Fetching giva
2026-09-16 00:15:28,134 INFO [62/100] Fetching indriya
2026-09-16 00:15:30,593 INFO [63/100] Fetching indriya_gold
2026-09-16 00:15:33,050 INFO [64/100] Fetching myntra
2026-09-16 00:15:35,401 INFO [65/100] Fetching jockey
2026-09-16 00:15:37,865 INFO [66/100] Fetching nykaa
2026-09-16 00:15:40,318 INFO [67/100] Fetching pepperfry
2026-09-16 00:15:42,778 INFO [68/100] Fetching netmeds
2026-09-16 00:15:46,771 INFO [69/100] Fetching appleresller
2026-09-16 00:15:49,231 INFO [70/100] Fetching ajio
2026-09-16 00:15:51,685 INFO [71/100] Fetching westside
2026-09-16 00:15:54,146 INFO [72/100] Fetching kama-ayurveda
2026-09-16 00:15:56,450 INFO [73/100] Fetching foxtale
2026-09-16 00:15:58,855 INFO [74/100] Fetching o2-spa-salon
2026-09-16 00:16:01,211 INFO [75/100] Fetching dabba_co
2026-09-16 00:16:03,669 INFO [76/100] Fetching eatsure
2026-09-16 00:16:06,127 INFO [77/100] Fetching the_biryani_life
2026-09-16 00:16:08,577 INFO [78/100] Fetching honest_bowl
2026-09-16 00:16:11,043 INFO [79/100] Fetching thalaiva_biryani
2026-09-16 00:16:13,452 INFO [80/100] Fetching thinsane_pizza
2026-09-16 00:16:15,848 INFO [81/100] Fetching tata-cliq
2026-09-16 00:16:18,308 INFO [82/100] Fetching makhani_darbar
2026-09-16 00:16:20,668 INFO [83/100] Fetching pantaloons
2026-09-16 00:16:23,025 INFO [84/100] Fetching marks-and-spencer
2026-09-16 00:16:25,436 INFO [85/100] Fetching apollo
2026-09-16 00:16:27,940 INFO [86/100] Fetching kalyan-jewellers
2026-09-16 00:16:30,398 INFO [87/100] Fetching veridicus
2026-09-16 00:16:32,853 INFO [88/100] Fetching stay_vista
2026-09-16 00:16:35,107 INFO [89/100] Fetching lenskart
2026-09-16 00:16:37,563 INFO [90/100] Fetching american-eagle
2026-09-16 00:16:40,014 INFO [91/100] Fetching bath-and-body-works
2026-09-16 00:16:42,430 INFO [92/100] Fetching brooks-brothers
2026-09-16 00:16:44,836 INFO [93/100] Fetching samsonite
2026-09-16 00:16:47,294 INFO [94/100] Fetching paul-and-shark
2026-09-16 00:16:49,648 INFO [95/100] Fetching marriot-spa
2026-09-16 00:16:52,002 INFO [96/100] Fetching milton
2026-09-16 00:16:54,463 INFO [97/100] Fetching joyalukkaspuregold
2026-09-16 00:16:56,915 INFO [98/100] Fetching mothercare
2026-09-16 00:16:59,275 INFO [99/100] Fetching linen-club
2026-09-16 00:17:01,630 INFO [100/100] Fetching uber_giftvoucher
2026-09-16 00:17:04,133 INFO Validation: {"expected_count": 100, "actual_count": 100, "unique_brand_keys": 100, "duplicate_brand_keys": [], "ranks_missing_brand_key": [], "records_with_null_fields": {"brand_name": 0, "category": 3, "validity_text": 0, "about": 45, "how_to_redeem": 0, "terms_and_conditions": 0, "faqs": 58}, "passed": true}
